---
http_interactions:
- request:
    method: get
    uri: https://api.crossref.org/works/10.1186/1471-2164-7-187
    body:
      encoding: UTF-8
      string: ''
    headers:
      Connection:
      - close
      Host:
      - api.crossref.org
      User-Agent:
      - http.rb/5.1.1
  response:
    status:
      code: 200
      message: OK
    headers:
      Date:
      - Sun, 12 Mar 2023 22:21:45 GMT
      Content-Type:
      - application/json
      Transfer-Encoding:
      - chunked
      Access-Control-Expose-Headers:
      - Link
      Access-Control-Allow-Headers:
      - X-Requested-With, Accept, Accept-Encoding, Accept-Charset, Accept-Language,
        Accept-Ranges, Cache-Control
      Access-Control-Allow-Origin:
      - "*"
      Server:
      - Jetty(9.4.40.v20210413)
      X-Ratelimit-Limit:
      - '50'
      X-Ratelimit-Interval:
      - 1s
      X-Api-Pool:
      - public
      X-Rate-Limit-Limit:
      - '50'
      X-Rate-Limit-Interval:
      - 1s
      Permissions-Policy:
      - interest-cohort=()
      Connection:
      - close
    body:
      encoding: UTF-8
      string: '{"status":"ok","message-type":"work","message-version":"1.0.0","message":{"indexed":{"date-parts":[[2023,2,23]],"date-time":"2023-02-23T14:27:37Z","timestamp":1677162457093},"reference-count":38,"publisher":"Springer
        Science and Business Media LLC","issue":"1","license":[{"start":{"date-parts":[[2006,7,25]],"date-time":"2006-07-25T00:00:00Z","timestamp":1153785600000},"content-version":"tdm","delay-in-days":0,"URL":"http:\/\/creativecommons.org\/licenses\/by\/2.0"}],"content-domain":{"domain":["link.springer.com"],"crossmark-restriction":false},"short-container-title":["BMC
        Genomics"],"published-print":{"date-parts":[[2006,12]]},"abstract":"<jats:title>Abstract<\/jats:title>\n          <jats:sec>\n            <jats:title>Background<\/jats:title>\n            <jats:p>Accurate
        evaluation of the quality of genomic or proteomic data and computational methods
        is vital to our ability to use them for formulating novel biological hypotheses
        and directing further experiments. There is currently no standard approach
        to evaluation in functional genomics. Our analysis of existing approaches
        shows that they are inconsistent and contain substantial functional biases
        that render the resulting evaluations misleading both quantitatively and qualitatively.
        These problems make it essentially impossible to compare computational methods
        or large-scale experimental datasets and also result in conclusions that generalize
        poorly in most biological applications.<\/jats:p>\n          <\/jats:sec>\n          <jats:sec>\n            <jats:title>Results<\/jats:title>\n            <jats:p>We
        reveal issues with current evaluation methods here and suggest new approaches
        to evaluation that facilitate accurate and representative characterization
        of genomic methods and data. Specifically, we describe a functional genomics
        gold standard based on curation by expert biologists and demonstrate its use
        as an effective means of evaluation of genomic approaches. Our evaluation
        framework and gold standard are freely available to the community through
        our website.<\/jats:p>\n          <\/jats:sec>\n          <jats:sec>\n            <jats:title>Conclusion<\/jats:title>\n            <jats:p>Proper
        methods for evaluating genomic data and computational approaches will determine
        how much we, as a community, are able to learn from the wealth of available
        data. We propose one possible solution to this problem here but emphasize
        that this topic warrants broader community discussion.<\/jats:p>\n          <\/jats:sec>","DOI":"10.1186\/1471-2164-7-187","type":"journal-article","created":{"date-parts":[[2006,7,25]],"date-time":"2006-07-25T18:14:51Z","timestamp":1153851291000},"update-policy":"http:\/\/dx.doi.org\/10.1007\/springer_crossmark_policy","source":"Crossref","is-referenced-by-count":171,"title":["Finding
        function: evaluation methods for functional genomic data"],"prefix":"10.1186","volume":"7","author":[{"given":"Chad
        L","family":"Myers","sequence":"first","affiliation":[]},{"given":"Daniel
        R","family":"Barrett","sequence":"additional","affiliation":[]},{"given":"Matthew
        A","family":"Hibbs","sequence":"additional","affiliation":[]},{"given":"Curtis","family":"Huttenhower","sequence":"additional","affiliation":[]},{"given":"Olga
        G","family":"Troyanskaya","sequence":"additional","affiliation":[]}],"member":"297","published-online":{"date-parts":[[2006,7,25]]},"reference":[{"key":"570_CR1","volume-title":"Bioinformatics","author":"Z
        Barutcuoglu","year":"2006","unstructured":"Barutcuoglu Z, Schapire RE, Troyanskaya
        OG: Hierarchical multi-label prediction of gene function. Bioinformatics.
        2006"},{"issue":"Suppl 2","key":"570_CR2","doi-asserted-by":"publisher","first-page":"II42","DOI":"10.1093\/bioinformatics\/btg1058","volume":"19","author":"A
        Clare","year":"2003","unstructured":"Clare A, King RD: Predicting gene function
        in Saccharomyces cerevisiae. Bioinformatics. 2003, 19 (Suppl 2): II42-II49.","journal-title":"Bioinformatics"},{"key":"570_CR3","first-page":"300","volume-title":"Pac
        Symp Biocomput","author":"GR Lanckriet","year":"2004","unstructured":"Lanckriet
        GR, Deng M, Cristianini N, Jordan MI, Noble WS: Kernel-based data fusion and
        its application to protein function prediction in yeast. Pac Symp Biocomput.
        2004, 300-311."},{"issue":"2","key":"570_CR4","doi-asserted-by":"publisher","first-page":"401","DOI":"10.1089\/10665270252935539","volume":"9","author":"P
        Pavlidis","year":"2002","unstructured":"Pavlidis P, Weston J, Cai J, Noble
        WS: Learning gene functional classifications from multiple data types. J Comput
        Biol. 2002, 9 (2): 401-411. 10.1089\/10665270252935539.","journal-title":"J
        Comput Biol"},{"issue":"Suppl 1","key":"570_CR5","doi-asserted-by":"publisher","first-page":"i38","DOI":"10.1093\/bioinformatics\/bti1016","volume":"21","author":"A
        Ben-Hur","year":"2005","unstructured":"Ben-Hur A, Noble WS: Kernel methods
        for predicting protein-protein interactions. Bioinformatics. 2005, 21 (Suppl
        1): i38-i46. 10.1093\/bioinformatics\/bti1016.","journal-title":"Bioinformatics"},{"issue":"5644","key":"570_CR6","doi-asserted-by":"publisher","first-page":"449","DOI":"10.1126\/science.1087361","volume":"302","author":"R
        Jansen","year":"2003","unstructured":"Jansen R, Yu H, Greenbaum D, Kluger
        Y, Krogan NJ, Chung S, Emili A, Snyder M, Greenblatt JF, Gerstein M: A Bayesian
        networks approach for predicting protein-protein interactions from genomic
        data. Science. 2003, 302 (5644): 449-453. 10.1126\/science.1087361.","journal-title":"Science"},{"issue":"5701","key":"570_CR7","doi-asserted-by":"publisher","first-page":"1555","DOI":"10.1126\/science.1099511","volume":"306","author":"I
        Lee","year":"2004","unstructured":"Lee I, Date SV, Adai AT, Marcotte EM: A
        probabilistic functional network of yeast genes. Science. 2004, 306 (5701):
        1555-1558. 10.1126\/science.1099511.","journal-title":"Science"},{"issue":"1","key":"570_CR8","doi-asserted-by":"publisher","first-page":"154","DOI":"10.1186\/1471-2105-5-154","volume":"5","author":"N
        Lin","year":"2004","unstructured":"Lin N, Wu B, Jansen R, Gerstein M, Zhao
        H: Information assessment on predicting protein-protein interactions. BMC
        Bioinformatics. 2004, 5 (1): 154-10.1186\/1471-2105-5-154.","journal-title":"BMC
        Bioinformatics"},{"issue":"14","key":"570_CR9","doi-asserted-by":"publisher","first-page":"8348","DOI":"10.1073\/pnas.0832373100","volume":"100","author":"OG
        Troyanskaya","year":"2003","unstructured":"Troyanskaya OG, Dolinski K, Owen
        AB, Altman RB, Botstein D: A Bayesian framework for combining heterogeneous
        data sources for gene function prediction (in Saccharomyces cerevisiae). Proc
        Natl Acad Sci USA. 2003, 100 (14): 8348-8353. 10.1073\/pnas.0832373100.","journal-title":"Proc
        Natl Acad Sci USA"},{"issue":"8","key":"570_CR10","doi-asserted-by":"publisher","first-page":"424","DOI":"10.1016\/j.tig.2005.06.006","volume":"21","author":"SL
        Wong","year":"2005","unstructured":"Wong SL, Zhang LV, Roth FP: Discovering
        functional relationships: biochemistry versus genetics. Trends Genet. 2005,
        21 (8): 424-427. 10.1016\/j.tig.2005.06.006.","journal-title":"Trends Genet"},{"issue":"1","key":"570_CR11","doi-asserted-by":"publisher","first-page":"27","DOI":"10.1093\/nar\/28.1.27","volume":"28","author":"M
        Kanehisa","year":"2000","unstructured":"Kanehisa M, Goto S: KEGG: kyoto encyclopedia
        of genes and genomes. Nucleic Acids Res. 2000, 28 (1): 27-30. 10.1093\/nar\/28.1.27.","journal-title":"Nucleic
        Acids Res"},{"issue":"Suppl 1","key":"570_CR12","doi-asserted-by":"publisher","first-page":"I363","DOI":"10.1093\/bioinformatics\/bth910","volume":"20","author":"Y
        Yamanishi","year":"2004","unstructured":"Yamanishi Y, Vert JP, Kanehisa M:
        Protein network inference from multiple genomic data: a supervised approach.
        Bioinformatics. 2004, 20 (Suppl 1): I363-I370. 10.1093\/bioinformatics\/bth910.","journal-title":"Bioinformatics"},{"key":"570_CR13","unstructured":"GRIFn
        Home Page. [http:\/\/function.princeton.edu\/GRIFn]"},{"issue":"6868","key":"570_CR14","doi-asserted-by":"publisher","first-page":"141","DOI":"10.1038\/415141a","volume":"415","author":"AC
        Gavin","year":"2002","unstructured":"Gavin AC, Bosche M, Krause R, Grandi
        P, Marzioch M, Bauer A, Schultz J, Rick JM, Michon AM, Cruciat CM: Functional
        organization of the yeast proteome by systematic analysis of protein complexes.
        Nature. 2002, 415 (6868): 141-147. 10.1038\/415141a.","journal-title":"Nature"},{"issue":"5","key":"570_CR15","doi-asserted-by":"publisher","first-page":"919","DOI":"10.1016\/S0022-2836(03)00239-0","volume":"327","author":"E
        Sprinzak","year":"2003","unstructured":"Sprinzak E, Sattath S, Margalit H:
        How reliable are experimental protein-protein interaction data?. J Mol Biol.
        2003, 327 (5): 919-923. 10.1016\/S0022-2836(03)00239-0.","journal-title":"J
        Mol Biol"},{"issue":"6770","key":"570_CR16","doi-asserted-by":"publisher","first-page":"623","DOI":"10.1038\/35001009","volume":"403","author":"P
        Uetz","year":"2000","unstructured":"Uetz P, Giot L, Cagney G, Mansfield TA,
        Judson RS, Knight JR, Lockshon D, Narayan V, Srinivasan M, Pochart P: A comprehensive
        analysis of protein-protein interactions in Saccharomyces cerevisiae. Nature.
        2000, 403 (6770): 623-627. 10.1038\/35001009.","journal-title":"Nature"},{"issue":"6887","key":"570_CR17","doi-asserted-by":"publisher","first-page":"399","DOI":"10.1038\/nature750","volume":"417","author":"C
        von Mering","year":"2002","unstructured":"von Mering C, Krause R, Snel B,
        Cornell M, Oliver SG, Fields S, Bork P: Comparative assessment of large-scale
        data sets of protein-protein interactions. Nature. 2002, 417 (6887): 399-403.
        10.1038\/nature750.","journal-title":"Nature"},{"issue":"3","key":"570_CR18","doi-asserted-by":"publisher","first-page":"381","DOI":"10.1093\/bioinformatics\/btg420","volume":"20","author":"SG
        Lee","year":"2004","unstructured":"Lee SG, Hur JU, Kim YS: A graph-theoretic
        modeling on GO space for biological interpretation of gene clusters. Bioinformatics.
        2004, 20 (3): 381-388. 10.1093\/bioinformatics\/btg420.","journal-title":"Bioinformatics"},{"issue":"1","key":"570_CR19","doi-asserted-by":"publisher","first-page":"25","DOI":"10.1038\/75556","volume":"25","author":"M
        Ashburner","year":"2000","unstructured":"Ashburner M, Ball CA, Blake JA, Botstein
        D, Butler H, Cherry JM, Davis AP, Dolinski K, Dwight SS, Eppig JT: Gene ontology:
        tool for the unification of biology. The Gene Ontology Consortium. Nat Genet.
        2000, 25 (1): 25-29. 10.1038\/75556.","journal-title":"Nat Genet"},{"issue":"1","key":"570_CR20","doi-asserted-by":"publisher","first-page":"77","DOI":"10.1093\/nar\/28.1.77","volume":"28","author":"CA
        Ball","year":"2000","unstructured":"Ball CA, Dolinski K, Dwight SS, Harris
        MA, Issel-Tarver L, Kasarskis A, Scafe CR, Sherlock G, Binkley G, Jin H: Integrating
        functional genomic information into the Saccharomyces genome database. Nucleic
        Acids Res. 2000, 28 (1): 77-80. 10.1093\/nar\/28.1.77.","journal-title":"Nucleic
        Acids Res"},{"issue":"1","key":"570_CR21","doi-asserted-by":"publisher","first-page":"31","DOI":"10.1093\/nar\/30.1.31","volume":"30","author":"HW
        Mewes","year":"2002","unstructured":"Mewes HW, Frishman D, Guldener U, Mannhaupt
        G, Mayer K, Mokrejs M, Morgenstern B, Munsterkotter M, Rudd S, Weil B: MIPS:
        a database for genomes and protein sequences. Nucleic Acids Res. 2002, 30
        (1): 31-34. 10.1093\/nar\/30.1.31.","journal-title":"Nucleic Acids Res"},{"issue":"1","key":"570_CR22","doi-asserted-by":"publisher","first-page":"75","DOI":"10.1093\/nar\/29.1.75","volume":"29","author":"MC
        Costanzo","year":"2001","unstructured":"Costanzo MC, Crawford ME, Hirschman
        JE, Kranz JE, Olsen P, Robertson LS, Skrzypek MS, Braun BR, Hopkins KL, Kondu
        P: YPD, PombePD and WormPD: model organism volumes of the BioKnowledge library,
        an integrated resource for protein information. Nucleic Acids Res. 2001, 29
        (1): 75-79. 10.1093\/nar\/29.1.75.","journal-title":"Nucleic Acids Res"},{"issue":"5","key":"570_CR23","doi-asserted-by":"publisher","first-page":"535","DOI":"10.1016\/j.mib.2004.08.012","volume":"7","author":"R
        Jansen","year":"2004","unstructured":"Jansen R, Gerstein M: Analyzing protein
        function on a genomic scale: the importance of gold-standard positives and
        negatives for network prediction. Curr Opin Microbiol. 2004, 7 (5): 535-545.
        10.1016\/j.mib.2004.08.012.","journal-title":"Curr Opin Microbiol"},{"issue":"1","key":"570_CR24","doi-asserted-by":"publisher","first-page":"100","DOI":"10.1186\/1471-2105-6-100","volume":"6","author":"A
        Patil","year":"2005","unstructured":"Patil A, Nakamura H: Filtering high-throughput
        protein-protein interaction data using a combination of genomic features.
        BMC Bioinformatics. 2005, 6 (1): 100-10.1186\/1471-2105-6-100.","journal-title":"BMC
        Bioinformatics"},{"issue":"6959","key":"570_CR25","doi-asserted-by":"publisher","first-page":"686","DOI":"10.1038\/nature02026","volume":"425","author":"WK
        Huh","year":"2003","unstructured":"Huh WK, Falvo JV, Gerke LC, Carroll AS,
        Howson RW, Weissman JS, O''Shea EK: Global analysis of protein localization
        in budding yeast. Nature. 2003, 425 (6959): 686-691. 10.1038\/nature02026.","journal-title":"Nature"},{"issue":"5","key":"570_CR26","doi-asserted-by":"publisher","first-page":"349","DOI":"10.1074\/mcp.M100037-MCP200","volume":"1","author":"CM
        Deane","year":"2002","unstructured":"Deane CM, Salwinski L, Xenarios I, Eisenberg
        D: Protein interactions: two methods for assessment of the reliability of
        high throughput observations. Mol Cell Proteomics. 2002, 1 (5): 349-356. 10.1074\/mcp.M100037-MCP200.","journal-title":"Mol
        Cell Proteomics"},{"key":"570_CR27","first-page":"531","volume-title":"Pac
        Symp Biocomput","author":"Y Qi","year":"2005","unstructured":"Qi Y, Klein-Seetharaman
        J, Bar-Joseph Z: Random forest similarity for protein-protein interaction
        prediction from multiple sources. Pac Symp Biocomput. 2005, 531-542."},{"issue":"3","key":"570_CR28","doi-asserted-by":"publisher","first-page":"292","DOI":"10.1016\/j.sbi.2004.05.003","volume":"14","author":"P
        Bork","year":"2004","unstructured":"Bork P, Jensen LJ, von Mering C, Ramani
        AK, Lee I, Marcotte EM: Protein interaction networks from yeast to human.
        Curr Opin Struct Biol. 2004, 14 (3): 292-299. 10.1016\/j.sbi.2004.05.003.","journal-title":"Curr
        Opin Struct Biol"},{"issue":"1","key":"570_CR29","doi-asserted-by":"publisher","first-page":"289","DOI":"10.1093\/nar\/28.1.289","volume":"28","author":"I
        Xenarios","year":"2000","unstructured":"Xenarios I, Rice DW, Salwinski L,
        Baron MK, Marcotte EM, Eisenberg D: DIP: the database of interacting proteins.
        Nucleic Acids Res. 2000, 28 (1): 289-291. 10.1093\/nar\/28.1.289.","journal-title":"Nucleic
        Acids Res"},{"issue":"3","key":"570_CR30","doi-asserted-by":"publisher","first-page":"R23","DOI":"10.1186\/gb-2003-4-3-r23","volume":"4","author":"BJ
        Breitkreutz","year":"2003","unstructured":"Breitkreutz BJ, Stark C, Tyers
        M: The GRID: the General Repository for Interaction Datasets. Genome Biol.
        2003, 4 (3): R23-10.1186\/gb-2003-4-3-r23.","journal-title":"Genome Biol"},{"key":"570_CR31","doi-asserted-by":"crossref","unstructured":"Alfarano
        C, Andrade CE, Anthony K, Bahroos N, Bajec M, Bantoft K, Betel D, Bobechko
        B, Boutilier K, Burgess E: The Biomolecular Interaction Network Database and
        related tools 2005 update. Nucleic Acids Res. 2005, D418-424. 33 Database","DOI":"10.1093\/nar\/gki051"},{"issue":"10","key":"570_CR32","doi-asserted-by":"publisher","first-page":"1275","DOI":"10.1093\/bioinformatics\/btg153","volume":"19","author":"PW
        Lord","year":"2003","unstructured":"Lord PW, Stevens RD, Brass A, Goble CA:
        Investigating semantic similarity measures across the Gene Ontology: the relationship
        between sequence and annotation. Bioinformatics. 2003, 19 (10): 1275-1283.
        10.1093\/bioinformatics\/btg153.","journal-title":"Bioinformatics"},{"issue":"Suppl61","key":"570_CR33","first-page":"S2","volume":"7","author":"A
        Ben-Hur","year":"2005","unstructured":"Ben-Hur A, Noble WS: Choosing negative
        examples for the prediction of protein-protein interactions. BMC Bioinformatics.
        2005, 7 (Suppl61): S2-","journal-title":"BMC Bioinformatics"},{"issue":"8","key":"570_CR34","doi-asserted-by":"publisher","first-page":"4569","DOI":"10.1073\/pnas.061034498","volume":"98","author":"T
        Ito","year":"2001","unstructured":"Ito T, Chiba T, Ozawa R, Yoshida M, Hattori
        M, Sakaki Y: A comprehensive two-hybrid analysis to explore the yeast protein
        interactome. Proc Natl Acad Sci U S A. 2001, 98 (8): 4569-4574. 10.1073\/pnas.061034498.","journal-title":"Proc
        Natl Acad Sci U S A"},{"issue":"5553","key":"570_CR35","doi-asserted-by":"publisher","first-page":"321","DOI":"10.1126\/science.1064987","volume":"295","author":"AH
        Tong","year":"2002","unstructured":"Tong AH, Drees B, Nardelli G, Bader GD,
        Brannetti B, Castagnoli L, Evangelista M, Ferracuti S, Nelson B, Paoluzi S:
        A combined experimental and computational strategy to define protein interaction
        networks for peptide recognition modules. Science. 2002, 295 (5553): 321-324.
        10.1126\/science.1064987.","journal-title":"Science"},{"issue":"6868","key":"570_CR36","doi-asserted-by":"publisher","first-page":"180","DOI":"10.1038\/415180a","volume":"415","author":"Y
        Ho","year":"2002","unstructured":"Ho Y, Gruhler A, Heilbut A, Bader GD, Moore
        L, Adams SL, Millar A, Taylor P, Bennett K, Boutilier K: Systematic identification
        of protein complexes in Saccharomyces cerevisiae by mass spectrometry. Nature.
        2002, 415 (6868): 180-183. 10.1038\/415180a.","journal-title":"Nature"},{"issue":"10","key":"570_CR37","doi-asserted-by":"publisher","first-page":"2987","DOI":"10.1091\/mbc.12.10.2987","volume":"12","author":"AP
        Gasch","year":"2001","unstructured":"Gasch AP, Huang M, Metzner S, Botstein
        D, Elledge SJ, Brown PO: Genomic expression responses to DNA-damaging agents
        and the regulatory role of the yeast ATR homolog Mec1p. Mol Biol Cell. 2001,
        12 (10): 2987-3003.","journal-title":"Mol Biol Cell"},{"issue":"12","key":"570_CR38","doi-asserted-by":"publisher","first-page":"3273","DOI":"10.1091\/mbc.9.12.3273","volume":"9","author":"PT
        Spellman","year":"1998","unstructured":"Spellman PT, Sherlock G, Zhang MQ,
        Iyer VR, Anders K, Eisen MB, Brown PO, Botstein D, Futcher B: Comprehensive
        identification of cell cycle-regulated genes of the yeast Saccharomyces cerevisiae
        by microarray hybridization. Mol Biol Cell. 1998, 9 (12): 3273-3297.","journal-title":"Mol
        Biol Cell"}],"container-title":["BMC Genomics"],"original-title":[],"language":"en","link":[{"URL":"http:\/\/link.springer.com\/content\/pdf\/10.1186\/1471-2164-7-187.pdf","content-type":"application\/pdf","content-version":"vor","intended-application":"text-mining"},{"URL":"http:\/\/link.springer.com\/article\/10.1186\/1471-2164-7-187\/fulltext.html","content-type":"text\/html","content-version":"vor","intended-application":"text-mining"},{"URL":"https:\/\/link.springer.com\/content\/pdf\/10.1186\/1471-2164-7-187.pdf","content-type":"application\/pdf","content-version":"vor","intended-application":"similarity-checking"}],"deposited":{"date-parts":[[2021,9,1]],"date-time":"2021-09-01T01:37:43Z","timestamp":1630460263000},"score":1,"resource":{"primary":{"URL":"https:\/\/bmcgenomics.biomedcentral.com\/articles\/10.1186\/1471-2164-7-187"}},"subtitle":[],"short-title":[],"issued":{"date-parts":[[2006,7,25]]},"references-count":38,"journal-issue":{"issue":"1","published-print":{"date-parts":[[2006,12]]}},"alternative-id":["570"],"URL":"http:\/\/dx.doi.org\/10.1186\/1471-2164-7-187","relation":{},"ISSN":["1471-2164"],"issn-type":[{"value":"1471-2164","type":"electronic"}],"subject":["Genetics","Biotechnology"],"published":{"date-parts":[[2006,7,25]]},"assertion":[{"value":"10
        May 2006","order":1,"name":"received","label":"Received","group":{"name":"ArticleHistory","label":"Article
        History"}},{"value":"25 July 2006","order":2,"name":"accepted","label":"Accepted","group":{"name":"ArticleHistory","label":"Article
        History"}},{"value":"25 July 2006","order":3,"name":"first_online","label":"First
        Online","group":{"name":"ArticleHistory","label":"Article History"}}],"article-number":"187"}}'
  recorded_at: Sun, 12 Mar 2023 22:21:45 GMT
- request:
    method: get
    uri: https://doi.org/ra/10.1186
    body:
      encoding: UTF-8
      string: ''
    headers:
      Connection:
      - close
      Host:
      - doi.org
      User-Agent:
      - http.rb/5.1.1
  response:
    status:
      code: 200
      message: OK
    headers:
      Date:
      - Sun, 12 Mar 2023 22:21:45 GMT
      Content-Type:
      - application/json;charset=UTF-8
      Transfer-Encoding:
      - chunked
      Connection:
      - close
      Permissions-Policy:
      - interest-cohort=(),browsing-topics=()
      Cf-Cache-Status:
      - DYNAMIC
      Report-To:
      - '{"endpoints":[{"url":"https:\/\/a.nel.cloudflare.com\/report\/v3?s=3SjAzRaW2PpRgm6d6BhirtdWAOBOa1STK%2F9cFroHnrPyM4%2Fv%2F2f9AXHlCLrZQoLtgBmmOHUGA8ulp0Bbmv%2FLGOa64n2eG%2FnnnDuVyu4q%2BVngj7%2FW1HboIJJvAJp4TCX6mBl0f9I%3D"}],"group":"cf-nel","max_age":604800}'
      Nel:
      - '{"success_fraction":0,"report_to":"cf-nel","max_age":604800}'
      Strict-Transport-Security:
      - max-age=31536000; includeSubDomains; preload
      Server:
      - cloudflare
      Cf-Ray:
      - 7a6f6e993e86b897-AMS
      Alt-Svc:
      - h3=":443"; ma=86400, h3-29=":443"; ma=86400
    body:
      encoding: UTF-8
      string: |-
        [
          {
            "DOI": "10.1186",
            "RA": "Crossref"
          }
        ]
  recorded_at: Sun, 12 Mar 2023 22:21:45 GMT
- request:
    method: get
    uri: https://api.crossref.org/works/10.1186/1471-2164-7-187/transform/application/vnd.crossref.unixsd+xml
    body:
      encoding: UTF-8
      string: ''
    headers:
      Connection:
      - close
      Host:
      - api.crossref.org
      User-Agent:
      - http.rb/5.1.1
  response:
    status:
      code: 200
      message: OK
    headers:
      Date:
      - Sun, 12 Mar 2023 22:26:55 GMT
      Transfer-Encoding:
      - chunked
      Link:
      - <http://dx.doi.org/10.1186/1471-2164-7-187>; rel="canonical", <http://link.springer.com/content/pdf/10.1186/1471-2164-7-187.pdf>;
        version="vor"; type="application/pdf"; rel="item", <http://link.springer.com/article/10.1186/1471-2164-7-187/fulltext.html>;
        version="vor"; type="text/html"; rel="item", <https://link.springer.com/content/pdf/10.1186/1471-2164-7-187.pdf>;
        version="vor"; type="application/pdf"; rel="item", <http://creativecommons.org/licenses/by/2.0>;
        version="tdm"; rel="license"
      Access-Control-Expose-Headers:
      - Link
      Access-Control-Allow-Headers:
      - X-Requested-With, Accept, Accept-Encoding, Accept-Charset, Accept-Language,
        Accept-Ranges, Cache-Control
      Access-Control-Allow-Origin:
      - "*"
      Server:
      - Jetty(9.4.40.v20210413)
      X-Ratelimit-Limit:
      - '50'
      X-Ratelimit-Interval:
      - 1s
      X-Api-Pool:
      - public
      X-Rate-Limit-Limit:
      - '50'
      X-Rate-Limit-Interval:
      - 1s
      Permissions-Policy:
      - interest-cohort=()
      Connection:
      - close
    body:
      encoding: ASCII-8BIT
      string: "<?xml version=\"1.0\" encoding=\"UTF-8\"?>\n<crossref_result xmlns=\"http://www.crossref.org/qrschema/3.0\"
        version=\"3.0\" xmlns:xsi=\"http://www.w3.org/2001/XMLSchema-instance\" xsi:schemaLocation=\"http://www.crossref.org/qrschema/3.0
        http://www.crossref.org/schemas/crossref_query_output3.0.xsd\">\r\n  <query_result>\r\n
        \   <head>\r\n      <doi_batch_id>none</doi_batch_id>\r\n    </head>\r\n    <body>\r\n
        \     <query status=\"resolved\">\r\n        <doi type=\"journal_article\">10.1186/1471-2164-7-187</doi>\r\n
        \       <crm-item name=\"publisher-name\" type=\"string\">Springer Science
        and Business Media LLC</crm-item>\r\n        <crm-item name=\"prefix-name\"
        type=\"string\">Springer (Biomed Central Ltd.)</crm-item>\r\n        <crm-item
        name=\"member-id\" type=\"number\">297</crm-item>\r\n        <crm-item name=\"citation-id\"
        type=\"number\">22586616</crm-item>\r\n        <crm-item name=\"journal-id\"
        type=\"number\">5911</crm-item>\r\n        <crm-item name=\"deposit-timestamp\"
        type=\"number\">20210831173149578</crm-item>\r\n        <crm-item name=\"owner-prefix\"
        type=\"string\">10.1186</crm-item>\r\n        <crm-item name=\"last-update\"
        type=\"date\">2021-09-01T01:37:43Z</crm-item>\r\n        <crm-item name=\"created\"
        type=\"date\">2006-07-25T18:14:51Z</crm-item>\r\n        <crm-item name=\"citedby-count\"
        type=\"number\">171</crm-item>\r\n        <crm-item name=\"relation\" type=\"doi\"
        claim=\"isReviewOf\">10.3410/f.1044091.494000</crm-item>\r\n        <crm-item
        name=\"relation\" type=\"doi\" claim=\"isReviewOf\">10.3410/f.1044091.496329</crm-item>\r\n
        \       <doi_record>\r\n          <crossref xmlns=\"http://www.crossref.org/xschema/1.1\"
        xsi:schemaLocation=\"http://www.crossref.org/xschema/1.1 http://doi.crossref.org/schemas/unixref1.1.xsd\">\r\n
        \           <journal>\r\n              <journal_metadata language=\"en\">\r\n
        \               <full_title>BMC Genomics</full_title>\r\n                <abbrev_title>BMC
        Genomics</abbrev_title>\r\n                <issn media_type=\"electronic\">1471-2164</issn>\r\n
        \             </journal_metadata>\r\n              <journal_issue>\r\n                <publication_date
        media_type=\"print\">\r\n                  <month>12</month>\r\n                  <year>2006</year>\r\n
        \               </publication_date>\r\n                <journal_volume>\r\n
        \                 <volume>7</volume>\r\n                </journal_volume>\r\n
        \               <issue>1</issue>\r\n              </journal_issue>\r\n              <journal_article
        publication_type=\"full_text\">\r\n                <titles>\r\n                  <title>Finding
        function: evaluation methods for functional genomic data</title>\r\n                </titles>\r\n
        \               <contributors>\r\n                  <person_name sequence=\"first\"
        contributor_role=\"author\">\r\n                    <given_name>Chad L</given_name>\r\n
        \                   <surname>Myers</surname>\r\n                  </person_name>\r\n
        \                 <person_name sequence=\"additional\" contributor_role=\"author\">\r\n
        \                   <given_name>Daniel R</given_name>\r\n                    <surname>Barrett</surname>\r\n
        \                 </person_name>\r\n                  <person_name sequence=\"additional\"
        contributor_role=\"author\">\r\n                    <given_name>Matthew A</given_name>\r\n
        \                   <surname>Hibbs</surname>\r\n                  </person_name>\r\n
        \                 <person_name sequence=\"additional\" contributor_role=\"author\">\r\n
        \                   <given_name>Curtis</given_name>\r\n                    <surname>Huttenhower</surname>\r\n
        \                 </person_name>\r\n                  <person_name sequence=\"additional\"
        contributor_role=\"author\">\r\n                    <given_name>Olga G</given_name>\r\n
        \                   <surname>Troyanskaya</surname>\r\n                  </person_name>\r\n
        \               </contributors>\r\n                <jats:abstract xmlns:jats=\"http://www.ncbi.nlm.nih.gov/JATS1\"
        xml:lang=\"en\">\r\n                  <jats:title>Abstract</jats:title>\r\n
        \                 <jats:sec>\r\n                    <jats:title>Background</jats:title>\r\n
        \                   <jats:p>Accurate evaluation of the quality of genomic
        or proteomic data and computational methods is vital to our ability to use
        them for formulating novel biological hypotheses and directing further experiments.
        There is currently no standard approach to evaluation in functional genomics.
        Our analysis of existing approaches shows that they are inconsistent and contain
        substantial functional biases that render the resulting evaluations misleading
        both quantitatively and qualitatively. These problems make it essentially
        impossible to compare computational methods or large-scale experimental datasets
        and also result in conclusions that generalize poorly in most biological applications.</jats:p>\r\n
        \                 </jats:sec>\r\n                  <jats:sec>\r\n                    <jats:title>Results</jats:title>\r\n
        \                   <jats:p>We reveal issues with current evaluation methods
        here and suggest new approaches to evaluation that facilitate accurate and
        representative characterization of genomic methods and data. Specifically,
        we describe a functional genomics gold standard based on curation by expert
        biologists and demonstrate its use as an effective means of evaluation of
        genomic approaches. Our evaluation framework and gold standard are freely
        available to the community through our website.</jats:p>\r\n                  </jats:sec>\r\n
        \                 <jats:sec>\r\n                    <jats:title>Conclusion</jats:title>\r\n
        \                   <jats:p>Proper methods for evaluating genomic data and
        computational approaches will determine how much we, as a community, are able
        to learn from the wealth of available data. We propose one possible solution
        to this problem here but emphasize that this topic warrants broader community
        discussion.</jats:p>\r\n                  </jats:sec>\r\n                </jats:abstract>\r\n
        \               <publication_date media_type=\"online\">\r\n                  <month>07</month>\r\n
        \                 <day>25</day>\r\n                  <year>2006</year>\r\n
        \               </publication_date>\r\n                <publication_date media_type=\"print\">\r\n
        \                 <month>12</month>\r\n                  <year>2006</year>\r\n
        \               </publication_date>\r\n                <publisher_item>\r\n
        \                 <item_number item_number_type=\"article-number\">187</item_number>\r\n
        \                 <identifier id_type=\"pii\">570</identifier>\r\n                </publisher_item>\r\n
        \               <crossmark>\r\n                  <crossmark_version>1</crossmark_version>\r\n
        \                 <crossmark_policy>10.1007/springer_crossmark_policy</crossmark_policy>\r\n
        \                 <crossmark_domains>\r\n                    <crossmark_domain>\r\n
        \                     <domain>link.springer.com</domain>\r\n                    </crossmark_domain>\r\n
        \                 </crossmark_domains>\r\n                  <crossmark_domain_exclusive>false</crossmark_domain_exclusive>\r\n
        \                 <custom_metadata>\r\n                    <assertion group_label=\"Article
        History\" group_name=\"ArticleHistory\" order=\"1\" label=\"Received\" name=\"received\">10
        May 2006</assertion>\r\n                    <assertion group_label=\"Article
        History\" group_name=\"ArticleHistory\" order=\"2\" label=\"Accepted\" name=\"accepted\">25
        July 2006</assertion>\r\n                    <assertion group_label=\"Article
        History\" group_name=\"ArticleHistory\" order=\"3\" label=\"First Online\"
        name=\"first_online\">25 July 2006</assertion>\r\n                    <ai:program
        xmlns:ai=\"http://www.crossref.org/AccessIndicators.xsd\" name=\"AccessIndicators\">\r\n
        \                     <ai:license_ref applies_to=\"tdm\">http://creativecommons.org/licenses/by/2.0</ai:license_ref>\r\n
        \                   </ai:program>\r\n                  </custom_metadata>\r\n
        \               </crossmark>\r\n                <doi_data>\r\n                  <doi>10.1186/1471-2164-7-187</doi>\r\n
        \                 <timestamp>20210831173149578</timestamp>\r\n                  <resource
        content_version=\"vor\">https://bmcgenomics.biomedcentral.com/articles/10.1186/1471-2164-7-187</resource>\r\n
        \                 <collection property=\"crawler-based\">\r\n                    <item
        crawler=\"iParadigms\">\r\n                      <resource mime_type=\"application/pdf\">https://link.springer.com/content/pdf/10.1186/1471-2164-7-187.pdf</resource>\r\n
        \                   </item>\r\n                  </collection>\r\n                  <collection
        property=\"text-mining\">\r\n                    <item>\r\n                      <resource
        mime_type=\"application/pdf\">http://link.springer.com/content/pdf/10.1186/1471-2164-7-187.pdf</resource>\r\n
        \                   </item>\r\n                    <item>\r\n                      <resource
        mime_type=\"text/html\">http://link.springer.com/article/10.1186/1471-2164-7-187/fulltext.html</resource>\r\n
        \                   </item>\r\n                  </collection>\r\n                </doi_data>\r\n
        \               <citation_list>\r\n                  <citation key=\"570_CR1\">\r\n
        \                   <author>Z Barutcuoglu</author>\r\n                    <cYear>2006</cYear>\r\n
        \                   <volume_title>Bioinformatics</volume_title>\r\n                    <unstructured_citation>Barutcuoglu
        Z, Schapire RE, Troyanskaya OG: Hierarchical multi-label prediction of gene
        function. Bioinformatics. 2006</unstructured_citation>\r\n                  </citation>\r\n
        \                 <citation key=\"570_CR2\">\r\n                    <journal_title>Bioinformatics</journal_title>\r\n
        \                   <author>A Clare</author>\r\n                    <volume>19</volume>\r\n
        \                   <issue>Suppl 2</issue>\r\n                    <first_page>II42</first_page>\r\n
        \                   <cYear>2003</cYear>\r\n                    <doi>10.1093/bioinformatics/btg1058</doi>\r\n
        \                   <unstructured_citation>Clare A, King RD: Predicting gene
        function in Saccharomyces cerevisiae. Bioinformatics. 2003, 19 (Suppl 2):
        II42-II49.</unstructured_citation>\r\n                  </citation>\r\n                  <citation
        key=\"570_CR3\">\r\n                    <author>GR Lanckriet</author>\r\n
        \                   <first_page>300</first_page>\r\n                    <cYear>2004</cYear>\r\n
        \                   <volume_title>Pac Symp Biocomput</volume_title>\r\n                    <unstructured_citation>Lanckriet
        GR, Deng M, Cristianini N, Jordan MI, Noble WS: Kernel-based data fusion and
        its application to protein function prediction in yeast. Pac Symp Biocomput.
        2004, 300-311.</unstructured_citation>\r\n                  </citation>\r\n
        \                 <citation key=\"570_CR4\">\r\n                    <journal_title>J
        Comput Biol</journal_title>\r\n                    <author>P Pavlidis</author>\r\n
        \                   <volume>9</volume>\r\n                    <issue>2</issue>\r\n
        \                   <first_page>401</first_page>\r\n                    <cYear>2002</cYear>\r\n
        \                   <doi>10.1089/10665270252935539</doi>\r\n                    <unstructured_citation>Pavlidis
        P, Weston J, Cai J, Noble WS: Learning gene functional classifications from
        multiple data types. J Comput Biol. 2002, 9 (2): 401-411. 10.1089/10665270252935539.</unstructured_citation>\r\n
        \                 </citation>\r\n                  <citation key=\"570_CR5\">\r\n
        \                   <journal_title>Bioinformatics</journal_title>\r\n                    <author>A
        Ben-Hur</author>\r\n                    <volume>21</volume>\r\n                    <issue>Suppl
        1</issue>\r\n                    <first_page>i38</first_page>\r\n                    <cYear>2005</cYear>\r\n
        \                   <doi>10.1093/bioinformatics/bti1016</doi>\r\n                    <unstructured_citation>Ben-Hur
        A, Noble WS: Kernel methods for predicting protein-protein interactions. Bioinformatics.
        2005, 21 (Suppl 1): i38-i46. 10.1093/bioinformatics/bti1016.</unstructured_citation>\r\n
        \                 </citation>\r\n                  <citation key=\"570_CR6\">\r\n
        \                   <journal_title>Science</journal_title>\r\n                    <author>R
        Jansen</author>\r\n                    <volume>302</volume>\r\n                    <issue>5644</issue>\r\n
        \                   <first_page>449</first_page>\r\n                    <cYear>2003</cYear>\r\n
        \                   <doi>10.1126/science.1087361</doi>\r\n                    <unstructured_citation>Jansen
        R, Yu H, Greenbaum D, Kluger Y, Krogan NJ, Chung S, Emili A, Snyder M, Greenblatt
        JF, Gerstein M: A Bayesian networks approach for predicting protein-protein
        interactions from genomic data. Science. 2003, 302 (5644): 449-453. 10.1126/science.1087361.</unstructured_citation>\r\n
        \                 </citation>\r\n                  <citation key=\"570_CR7\">\r\n
        \                   <journal_title>Science</journal_title>\r\n                    <author>I
        Lee</author>\r\n                    <volume>306</volume>\r\n                    <issue>5701</issue>\r\n
        \                   <first_page>1555</first_page>\r\n                    <cYear>2004</cYear>\r\n
        \                   <doi>10.1126/science.1099511</doi>\r\n                    <unstructured_citation>Lee
        I, Date SV, Adai AT, Marcotte EM: A probabilistic functional network of yeast
        genes. Science. 2004, 306 (5701): 1555-1558. 10.1126/science.1099511.</unstructured_citation>\r\n
        \                 </citation>\r\n                  <citation key=\"570_CR8\">\r\n
        \                   <journal_title>BMC Bioinformatics</journal_title>\r\n
        \                   <author>N Lin</author>\r\n                    <volume>5</volume>\r\n
        \                   <issue>1</issue>\r\n                    <first_page>154</first_page>\r\n
        \                   <cYear>2004</cYear>\r\n                    <doi>10.1186/1471-2105-5-154</doi>\r\n
        \                   <unstructured_citation>Lin N, Wu B, Jansen R, Gerstein
        M, Zhao H: Information assessment on predicting protein-protein interactions.
        BMC Bioinformatics. 2004, 5 (1): 154-10.1186/1471-2105-5-154.</unstructured_citation>\r\n
        \                 </citation>\r\n                  <citation key=\"570_CR9\">\r\n
        \                   <journal_title>Proc Natl Acad Sci USA</journal_title>\r\n
        \                   <author>OG Troyanskaya</author>\r\n                    <volume>100</volume>\r\n
        \                   <issue>14</issue>\r\n                    <first_page>8348</first_page>\r\n
        \                   <cYear>2003</cYear>\r\n                    <doi>10.1073/pnas.0832373100</doi>\r\n
        \                   <unstructured_citation>Troyanskaya OG, Dolinski K, Owen
        AB, Altman RB, Botstein D: A Bayesian framework for combining heterogeneous
        data sources for gene function prediction (in Saccharomyces cerevisiae). Proc
        Natl Acad Sci USA. 2003, 100 (14): 8348-8353. 10.1073/pnas.0832373100.</unstructured_citation>\r\n
        \                 </citation>\r\n                  <citation key=\"570_CR10\">\r\n
        \                   <journal_title>Trends Genet</journal_title>\r\n                    <author>SL
        Wong</author>\r\n                    <volume>21</volume>\r\n                    <issue>8</issue>\r\n
        \                   <first_page>424</first_page>\r\n                    <cYear>2005</cYear>\r\n
        \                   <doi>10.1016/j.tig.2005.06.006</doi>\r\n                    <unstructured_citation>Wong
        SL, Zhang LV, Roth FP: Discovering functional relationships: biochemistry
        versus genetics. Trends Genet. 2005, 21 (8): 424-427. 10.1016/j.tig.2005.06.006.</unstructured_citation>\r\n
        \                 </citation>\r\n                  <citation key=\"570_CR11\">\r\n
        \                   <journal_title>Nucleic Acids Res</journal_title>\r\n                    <author>M
        Kanehisa</author>\r\n                    <volume>28</volume>\r\n                    <issue>1</issue>\r\n
        \                   <first_page>27</first_page>\r\n                    <cYear>2000</cYear>\r\n
        \                   <doi>10.1093/nar/28.1.27</doi>\r\n                    <unstructured_citation>Kanehisa
        M, Goto S: KEGG: kyoto encyclopedia of genes and genomes. Nucleic Acids Res.
        2000, 28 (1): 27-30. 10.1093/nar/28.1.27.</unstructured_citation>\r\n                  </citation>\r\n
        \                 <citation key=\"570_CR12\">\r\n                    <journal_title>Bioinformatics</journal_title>\r\n
        \                   <author>Y Yamanishi</author>\r\n                    <volume>20</volume>\r\n
        \                   <issue>Suppl 1</issue>\r\n                    <first_page>I363</first_page>\r\n
        \                   <cYear>2004</cYear>\r\n                    <doi>10.1093/bioinformatics/bth910</doi>\r\n
        \                   <unstructured_citation>Yamanishi Y, Vert JP, Kanehisa
        M: Protein network inference from multiple genomic data: a supervised approach.
        Bioinformatics. 2004, 20 (Suppl 1): I363-I370. 10.1093/bioinformatics/bth910.</unstructured_citation>\r\n
        \                 </citation>\r\n                  <citation key=\"570_CR13\">\r\n
        \                   <unstructured_citation>GRIFn Home Page. [http://function.princeton.edu/GRIFn]</unstructured_citation>\r\n
        \                 </citation>\r\n                  <citation key=\"570_CR14\">\r\n
        \                   <journal_title>Nature</journal_title>\r\n                    <author>AC
        Gavin</author>\r\n                    <volume>415</volume>\r\n                    <issue>6868</issue>\r\n
        \                   <first_page>141</first_page>\r\n                    <cYear>2002</cYear>\r\n
        \                   <doi>10.1038/415141a</doi>\r\n                    <unstructured_citation>Gavin
        AC, Bosche M, Krause R, Grandi P, Marzioch M, Bauer A, Schultz J, Rick JM,
        Michon AM, Cruciat CM: Functional organization of the yeast proteome by systematic
        analysis of protein complexes. Nature. 2002, 415 (6868): 141-147. 10.1038/415141a.</unstructured_citation>\r\n
        \                 </citation>\r\n                  <citation key=\"570_CR15\">\r\n
        \                   <journal_title>J Mol Biol</journal_title>\r\n                    <author>E
        Sprinzak</author>\r\n                    <volume>327</volume>\r\n                    <issue>5</issue>\r\n
        \                   <first_page>919</first_page>\r\n                    <cYear>2003</cYear>\r\n
        \                   <doi>10.1016/S0022-2836(03)00239-0</doi>\r\n                    <unstructured_citation>Sprinzak
        E, Sattath S, Margalit H: How reliable are experimental protein-protein interaction
        data?. J Mol Biol. 2003, 327 (5): 919-923. 10.1016/S0022-2836(03)00239-0.</unstructured_citation>\r\n
        \                 </citation>\r\n                  <citation key=\"570_CR16\">\r\n
        \                   <journal_title>Nature</journal_title>\r\n                    <author>P
        Uetz</author>\r\n                    <volume>403</volume>\r\n                    <issue>6770</issue>\r\n
        \                   <first_page>623</first_page>\r\n                    <cYear>2000</cYear>\r\n
        \                   <doi>10.1038/35001009</doi>\r\n                    <unstructured_citation>Uetz
        P, Giot L, Cagney G, Mansfield TA, Judson RS, Knight JR, Lockshon D, Narayan
        V, Srinivasan M, Pochart P: A comprehensive analysis of protein-protein interactions
        in Saccharomyces cerevisiae. Nature. 2000, 403 (6770): 623-627. 10.1038/35001009.</unstructured_citation>\r\n
        \                 </citation>\r\n                  <citation key=\"570_CR17\">\r\n
        \                   <journal_title>Nature</journal_title>\r\n                    <author>C
        von Mering</author>\r\n                    <volume>417</volume>\r\n                    <issue>6887</issue>\r\n
        \                   <first_page>399</first_page>\r\n                    <cYear>2002</cYear>\r\n
        \                   <doi>10.1038/nature750</doi>\r\n                    <unstructured_citation>von
        Mering C, Krause R, Snel B, Cornell M, Oliver SG, Fields S, Bork P: Comparative
        assessment of large-scale data sets of protein-protein interactions. Nature.
        2002, 417 (6887): 399-403. 10.1038/nature750.</unstructured_citation>\r\n
        \                 </citation>\r\n                  <citation key=\"570_CR18\">\r\n
        \                   <journal_title>Bioinformatics</journal_title>\r\n                    <author>SG
        Lee</author>\r\n                    <volume>20</volume>\r\n                    <issue>3</issue>\r\n
        \                   <first_page>381</first_page>\r\n                    <cYear>2004</cYear>\r\n
        \                   <doi>10.1093/bioinformatics/btg420</doi>\r\n                    <unstructured_citation>Lee
        SG, Hur JU, Kim YS: A graph-theoretic modeling on GO space for biological
        interpretation of gene clusters. Bioinformatics. 2004, 20 (3): 381-388. 10.1093/bioinformatics/btg420.</unstructured_citation>\r\n
        \                 </citation>\r\n                  <citation key=\"570_CR19\">\r\n
        \                   <journal_title>Nat Genet</journal_title>\r\n                    <author>M
        Ashburner</author>\r\n                    <volume>25</volume>\r\n                    <issue>1</issue>\r\n
        \                   <first_page>25</first_page>\r\n                    <cYear>2000</cYear>\r\n
        \                   <doi>10.1038/75556</doi>\r\n                    <unstructured_citation>Ashburner
        M, Ball CA, Blake JA, Botstein D, Butler H, Cherry JM, Davis AP, Dolinski
        K, Dwight SS, Eppig JT: Gene ontology: tool for the unification of biology.
        The Gene Ontology Consortium. Nat Genet. 2000, 25 (1): 25-29. 10.1038/75556.</unstructured_citation>\r\n
        \                 </citation>\r\n                  <citation key=\"570_CR20\">\r\n
        \                   <journal_title>Nucleic Acids Res</journal_title>\r\n                    <author>CA
        Ball</author>\r\n                    <volume>28</volume>\r\n                    <issue>1</issue>\r\n
        \                   <first_page>77</first_page>\r\n                    <cYear>2000</cYear>\r\n
        \                   <doi>10.1093/nar/28.1.77</doi>\r\n                    <unstructured_citation>Ball
        CA, Dolinski K, Dwight SS, Harris MA, Issel-Tarver L, Kasarskis A, Scafe CR,
        Sherlock G, Binkley G, Jin H: Integrating functional genomic information into
        the Saccharomyces genome database. Nucleic Acids Res. 2000, 28 (1): 77-80.
        10.1093/nar/28.1.77.</unstructured_citation>\r\n                  </citation>\r\n
        \                 <citation key=\"570_CR21\">\r\n                    <journal_title>Nucleic
        Acids Res</journal_title>\r\n                    <author>HW Mewes</author>\r\n
        \                   <volume>30</volume>\r\n                    <issue>1</issue>\r\n
        \                   <first_page>31</first_page>\r\n                    <cYear>2002</cYear>\r\n
        \                   <doi>10.1093/nar/30.1.31</doi>\r\n                    <unstructured_citation>Mewes
        HW, Frishman D, Guldener U, Mannhaupt G, Mayer K, Mokrejs M, Morgenstern B,
        Munsterkotter M, Rudd S, Weil B: MIPS: a database for genomes and protein
        sequences. Nucleic Acids Res. 2002, 30 (1): 31-34. 10.1093/nar/30.1.31.</unstructured_citation>\r\n
        \                 </citation>\r\n                  <citation key=\"570_CR22\">\r\n
        \                   <journal_title>Nucleic Acids Res</journal_title>\r\n                    <author>MC
        Costanzo</author>\r\n                    <volume>29</volume>\r\n                    <issue>1</issue>\r\n
        \                   <first_page>75</first_page>\r\n                    <cYear>2001</cYear>\r\n
        \                   <doi>10.1093/nar/29.1.75</doi>\r\n                    <unstructured_citation>Costanzo
        MC, Crawford ME, Hirschman JE, Kranz JE, Olsen P, Robertson LS, Skrzypek MS,
        Braun BR, Hopkins KL, Kondu P: YPD, PombePD and WormPD: model organism volumes
        of the BioKnowledge library, an integrated resource for protein information.
        Nucleic Acids Res. 2001, 29 (1): 75-79. 10.1093/nar/29.1.75.</unstructured_citation>\r\n
        \                 </citation>\r\n                  <citation key=\"570_CR23\">\r\n
        \                   <journal_title>Curr Opin Microbiol</journal_title>\r\n
        \                   <author>R Jansen</author>\r\n                    <volume>7</volume>\r\n
        \                   <issue>5</issue>\r\n                    <first_page>535</first_page>\r\n
        \                   <cYear>2004</cYear>\r\n                    <doi>10.1016/j.mib.2004.08.012</doi>\r\n
        \                   <unstructured_citation>Jansen R, Gerstein M: Analyzing
        protein function on a genomic scale: the importance of gold-standard positives
        and negatives for network prediction. Curr Opin Microbiol. 2004, 7 (5): 535-545.
        10.1016/j.mib.2004.08.012.</unstructured_citation>\r\n                  </citation>\r\n
        \                 <citation key=\"570_CR24\">\r\n                    <journal_title>BMC
        Bioinformatics</journal_title>\r\n                    <author>A Patil</author>\r\n
        \                   <volume>6</volume>\r\n                    <issue>1</issue>\r\n
        \                   <first_page>100</first_page>\r\n                    <cYear>2005</cYear>\r\n
        \                   <doi>10.1186/1471-2105-6-100</doi>\r\n                    <unstructured_citation>Patil
        A, Nakamura H: Filtering high-throughput protein-protein interaction data
        using a combination of genomic features. BMC Bioinformatics. 2005, 6 (1):
        100-10.1186/1471-2105-6-100.</unstructured_citation>\r\n                  </citation>\r\n
        \                 <citation key=\"570_CR25\">\r\n                    <journal_title>Nature</journal_title>\r\n
        \                   <author>WK Huh</author>\r\n                    <volume>425</volume>\r\n
        \                   <issue>6959</issue>\r\n                    <first_page>686</first_page>\r\n
        \                   <cYear>2003</cYear>\r\n                    <doi>10.1038/nature02026</doi>\r\n
        \                   <unstructured_citation>Huh WK, Falvo JV, Gerke LC, Carroll
        AS, Howson RW, Weissman JS, O'Shea EK: Global analysis of protein localization
        in budding yeast. Nature. 2003, 425 (6959): 686-691. 10.1038/nature02026.</unstructured_citation>\r\n
        \                 </citation>\r\n                  <citation key=\"570_CR26\">\r\n
        \                   <journal_title>Mol Cell Proteomics</journal_title>\r\n
        \                   <author>CM Deane</author>\r\n                    <volume>1</volume>\r\n
        \                   <issue>5</issue>\r\n                    <first_page>349</first_page>\r\n
        \                   <cYear>2002</cYear>\r\n                    <doi>10.1074/mcp.M100037-MCP200</doi>\r\n
        \                   <unstructured_citation>Deane CM, Salwinski L, Xenarios
        I, Eisenberg D: Protein interactions: two methods for assessment of the reliability
        of high throughput observations. Mol Cell Proteomics. 2002, 1 (5): 349-356.
        10.1074/mcp.M100037-MCP200.</unstructured_citation>\r\n                  </citation>\r\n
        \                 <citation key=\"570_CR27\">\r\n                    <author>Y
        Qi</author>\r\n                    <first_page>531</first_page>\r\n                    <cYear>2005</cYear>\r\n
        \                   <volume_title>Pac Symp Biocomput</volume_title>\r\n                    <unstructured_citation>Qi
        Y, Klein-Seetharaman J, Bar-Joseph Z: Random forest similarity for protein-protein
        interaction prediction from multiple sources. Pac Symp Biocomput. 2005, 531-542.</unstructured_citation>\r\n
        \                 </citation>\r\n                  <citation key=\"570_CR28\">\r\n
        \                   <journal_title>Curr Opin Struct Biol</journal_title>\r\n
        \                   <author>P Bork</author>\r\n                    <volume>14</volume>\r\n
        \                   <issue>3</issue>\r\n                    <first_page>292</first_page>\r\n
        \                   <cYear>2004</cYear>\r\n                    <doi>10.1016/j.sbi.2004.05.003</doi>\r\n
        \                   <unstructured_citation>Bork P, Jensen LJ, von Mering C,
        Ramani AK, Lee I, Marcotte EM: Protein interaction networks from yeast to
        human. Curr Opin Struct Biol. 2004, 14 (3): 292-299. 10.1016/j.sbi.2004.05.003.</unstructured_citation>\r\n
        \                 </citation>\r\n                  <citation key=\"570_CR29\">\r\n
        \                   <journal_title>Nucleic Acids Res</journal_title>\r\n                    <author>I
        Xenarios</author>\r\n                    <volume>28</volume>\r\n                    <issue>1</issue>\r\n
        \                   <first_page>289</first_page>\r\n                    <cYear>2000</cYear>\r\n
        \                   <doi>10.1093/nar/28.1.289</doi>\r\n                    <unstructured_citation>Xenarios
        I, Rice DW, Salwinski L, Baron MK, Marcotte EM, Eisenberg D: DIP: the database
        of interacting proteins. Nucleic Acids Res. 2000, 28 (1): 289-291. 10.1093/nar/28.1.289.</unstructured_citation>\r\n
        \                 </citation>\r\n                  <citation key=\"570_CR30\">\r\n
        \                   <journal_title>Genome Biol</journal_title>\r\n                    <author>BJ
        Breitkreutz</author>\r\n                    <volume>4</volume>\r\n                    <issue>3</issue>\r\n
        \                   <first_page>R23</first_page>\r\n                    <cYear>2003</cYear>\r\n
        \                   <doi>10.1186/gb-2003-4-3-r23</doi>\r\n                    <unstructured_citation>Breitkreutz
        BJ, Stark C, Tyers M: The GRID: the General Repository for Interaction Datasets.
        Genome Biol. 2003, 4 (3): R23-10.1186/gb-2003-4-3-r23.</unstructured_citation>\r\n
        \                 </citation>\r\n                  <citation key=\"570_CR31\">\r\n
        \                   <doi provider=\"crossref\">10.1093/nar/gki051</doi>\r\n
        \                   <unstructured_citation>Alfarano C, Andrade CE, Anthony
        K, Bahroos N, Bajec M, Bantoft K, Betel D, Bobechko B, Boutilier K, Burgess
        E: The Biomolecular Interaction Network Database and related tools 2005 update.
        Nucleic Acids Res. 2005, D418-424. 33 Database</unstructured_citation>\r\n
        \                 </citation>\r\n                  <citation key=\"570_CR32\">\r\n
        \                   <journal_title>Bioinformatics</journal_title>\r\n                    <author>PW
        Lord</author>\r\n                    <volume>19</volume>\r\n                    <issue>10</issue>\r\n
        \                   <first_page>1275</first_page>\r\n                    <cYear>2003</cYear>\r\n
        \                   <doi>10.1093/bioinformatics/btg153</doi>\r\n                    <unstructured_citation>Lord
        PW, Stevens RD, Brass A, Goble CA: Investigating semantic similarity measures
        across the Gene Ontology: the relationship between sequence and annotation.
        Bioinformatics. 2003, 19 (10): 1275-1283. 10.1093/bioinformatics/btg153.</unstructured_citation>\r\n
        \                 </citation>\r\n                  <citation key=\"570_CR33\">\r\n
        \                   <journal_title>BMC Bioinformatics</journal_title>\r\n
        \                   <author>A Ben-Hur</author>\r\n                    <volume>7</volume>\r\n
        \                   <issue>Suppl61</issue>\r\n                    <first_page>S2</first_page>\r\n
        \                   <cYear>2005</cYear>\r\n                    <unstructured_citation>Ben-Hur
        A, Noble WS: Choosing negative examples for the prediction of protein-protein
        interactions. BMC Bioinformatics. 2005, 7 (Suppl61): S2-</unstructured_citation>\r\n
        \                 </citation>\r\n                  <citation key=\"570_CR34\">\r\n
        \                   <journal_title>Proc Natl Acad Sci U S A</journal_title>\r\n
        \                   <author>T Ito</author>\r\n                    <volume>98</volume>\r\n
        \                   <issue>8</issue>\r\n                    <first_page>4569</first_page>\r\n
        \                   <cYear>2001</cYear>\r\n                    <doi>10.1073/pnas.061034498</doi>\r\n
        \                   <unstructured_citation>Ito T, Chiba T, Ozawa R, Yoshida
        M, Hattori M, Sakaki Y: A comprehensive two-hybrid analysis to explore the
        yeast protein interactome. Proc Natl Acad Sci U S A. 2001, 98 (8): 4569-4574.
        10.1073/pnas.061034498.</unstructured_citation>\r\n                  </citation>\r\n
        \                 <citation key=\"570_CR35\">\r\n                    <journal_title>Science</journal_title>\r\n
        \                   <author>AH Tong</author>\r\n                    <volume>295</volume>\r\n
        \                   <issue>5553</issue>\r\n                    <first_page>321</first_page>\r\n
        \                   <cYear>2002</cYear>\r\n                    <doi>10.1126/science.1064987</doi>\r\n
        \                   <unstructured_citation>Tong AH, Drees B, Nardelli G, Bader
        GD, Brannetti B, Castagnoli L, Evangelista M, Ferracuti S, Nelson B, Paoluzi
        S: A combined experimental and computational strategy to define protein interaction
        networks for peptide recognition modules. Science. 2002, 295 (5553): 321-324.
        10.1126/science.1064987.</unstructured_citation>\r\n                  </citation>\r\n
        \                 <citation key=\"570_CR36\">\r\n                    <journal_title>Nature</journal_title>\r\n
        \                   <author>Y Ho</author>\r\n                    <volume>415</volume>\r\n
        \                   <issue>6868</issue>\r\n                    <first_page>180</first_page>\r\n
        \                   <cYear>2002</cYear>\r\n                    <doi>10.1038/415180a</doi>\r\n
        \                   <unstructured_citation>Ho Y, Gruhler A, Heilbut A, Bader
        GD, Moore L, Adams SL, Millar A, Taylor P, Bennett K, Boutilier K: Systematic
        identification of protein complexes in Saccharomyces cerevisiae by mass spectrometry.
        Nature. 2002, 415 (6868): 180-183. 10.1038/415180a.</unstructured_citation>\r\n
        \                 </citation>\r\n                  <citation key=\"570_CR37\">\r\n
        \                   <journal_title>Mol Biol Cell</journal_title>\r\n                    <author>AP
        Gasch</author>\r\n                    <volume>12</volume>\r\n                    <issue>10</issue>\r\n
        \                   <first_page>2987</first_page>\r\n                    <cYear>2001</cYear>\r\n
        \                   <doi>10.1091/mbc.12.10.2987</doi>\r\n                    <unstructured_citation>Gasch
        AP, Huang M, Metzner S, Botstein D, Elledge SJ, Brown PO: Genomic expression
        responses to DNA-damaging agents and the regulatory role of the yeast ATR
        homolog Mec1p. Mol Biol Cell. 2001, 12 (10): 2987-3003.</unstructured_citation>\r\n
        \                 </citation>\r\n                  <citation key=\"570_CR38\">\r\n
        \                   <journal_title>Mol Biol Cell</journal_title>\r\n                    <author>PT
        Spellman</author>\r\n                    <volume>9</volume>\r\n                    <issue>12</issue>\r\n
        \                   <first_page>3273</first_page>\r\n                    <cYear>1998</cYear>\r\n
        \                   <doi>10.1091/mbc.9.12.3273</doi>\r\n                    <unstructured_citation>Spellman
        PT, Sherlock G, Zhang MQ, Iyer VR, Anders K, Eisen MB, Brown PO, Botstein
        D, Futcher B: Comprehensive identification of cell cycle-regulated genes of
        the yeast Saccharomyces cerevisiae by microarray hybridization. Mol Biol Cell.
        1998, 9 (12): 3273-3297.</unstructured_citation>\r\n                  </citation>\r\n
        \               </citation_list>\r\n              </journal_article>\r\n            </journal>\r\n
        \         </crossref>\r\n        </doi_record>\r\n      </query>\r\n    </body>\r\n
        \ </query_result>\r\n</crossref_result>"
  recorded_at: Sun, 12 Mar 2023 22:26:55 GMT
recorded_with: VCR 6.1.0
