---
http_interactions:
- request:
    method: get
    uri: https://api.crossref.org/works/10.7554/elife.01567x/transform/application/vnd.crossref.unixsd+xml
    body:
      encoding: UTF-8
      string: ''
    headers:
      Connection:
      - close
      Host:
      - api.crossref.org
      User-Agent:
      - http.rb/5.1.1
  response:
    status:
      code: 404
      message: Not Found
    headers:
      Date:
      - Sun, 19 Mar 2023 17:37:23 GMT
      Content-Type:
      - text/plain;charset=utf-8
      Transfer-Encoding:
      - chunked
      Access-Control-Expose-Headers:
      - Link
      Access-Control-Allow-Headers:
      - X-Requested-With, Accept, Accept-Encoding, Accept-Charset, Accept-Language,
        Accept-Ranges, Cache-Control
      Access-Control-Allow-Origin:
      - "*"
      Server:
      - Jetty(9.4.40.v20210413)
      X-Ratelimit-Limit:
      - '50'
      X-Ratelimit-Interval:
      - 1s
      X-Api-Pool:
      - public
      X-Rate-Limit-Limit:
      - '50'
      X-Rate-Limit-Interval:
      - 1s
      Permissions-Policy:
      - interest-cohort=()
      Connection:
      - close
    body:
      encoding: UTF-8
      string: Resource not found.
  recorded_at: Sun, 19 Mar 2023 17:37:23 GMT
- request:
    method: get
    uri: https://doi.org/ra/10.7554
    body:
      encoding: UTF-8
      string: ''
    headers:
      Connection:
      - close
      Host:
      - doi.org
      User-Agent:
      - http.rb/5.1.1
  response:
    status:
      code: 200
      message: OK
    headers:
      Date:
      - Sun, 19 Mar 2023 17:37:24 GMT
      Content-Type:
      - application/json;charset=UTF-8
      Transfer-Encoding:
      - chunked
      Connection:
      - close
      Permissions-Policy:
      - interest-cohort=(),browsing-topics=()
      Cf-Cache-Status:
      - DYNAMIC
      Report-To:
      - '{"endpoints":[{"url":"https:\/\/a.nel.cloudflare.com\/report\/v3?s=At5LgwKA73KU%2BSTtv%2BGbLM8hSebEQgn9G6W3cvRXoVy8H%2F%2Bnsobcj063Xv9D%2BqFNB7q5iIuL7c70Nd6D9rkMsZUr3TaG4CzfnevLW%2Bt27MvWyONoWRZIiVvMGSfdobO%2BH3KdML4%3D"}],"group":"cf-nel","max_age":604800}'
      Nel:
      - '{"success_fraction":0,"report_to":"cf-nel","max_age":604800}'
      Strict-Transport-Security:
      - max-age=31536000; includeSubDomains; preload
      Server:
      - cloudflare
      Cf-Ray:
      - 7aa77baceddbb7d9-AMS
      Alt-Svc:
      - h3=":443"; ma=86400, h3-29=":443"; ma=86400
    body:
      encoding: UTF-8
      string: |-
        [
          {
            "DOI": "10.7554",
            "RA": "Crossref"
          }
        ]
  recorded_at: Sun, 19 Mar 2023 17:37:24 GMT
- request:
    method: get
    uri: https://api.crossref.org/works/10.7554/elife.01567x
    body:
      encoding: UTF-8
      string: ''
    headers:
      Connection:
      - close
      Host:
      - api.crossref.org
      User-Agent:
      - http.rb/5.1.1
  response:
    status:
      code: 404
      message: Not Found
    headers:
      Date:
      - Sun, 19 Mar 2023 17:38:01 GMT
      Content-Type:
      - application/json
      Transfer-Encoding:
      - chunked
      Access-Control-Expose-Headers:
      - Link
      Access-Control-Allow-Headers:
      - X-Requested-With, Accept, Accept-Encoding, Accept-Charset, Accept-Language,
        Accept-Ranges, Cache-Control
      Access-Control-Allow-Origin:
      - "*"
      Server:
      - Jetty(9.4.40.v20210413)
      X-Ratelimit-Limit:
      - '50'
      X-Ratelimit-Interval:
      - 1s
      X-Api-Pool:
      - public
      X-Rate-Limit-Limit:
      - '50'
      X-Rate-Limit-Interval:
      - 1s
      Permissions-Policy:
      - interest-cohort=()
      Connection:
      - close
    body:
      encoding: UTF-8
      string: Resource not found.
  recorded_at: Sun, 19 Mar 2023 17:38:01 GMT
- request:
    method: get
    uri: https://doi.org/ra/10.7554
    body:
      encoding: UTF-8
      string: ''
    headers:
      Connection:
      - close
      Host:
      - doi.org
      User-Agent:
      - http.rb/5.1.1
  response:
    status:
      code: 200
      message: OK
    headers:
      Date:
      - Sun, 19 Mar 2023 17:38:01 GMT
      Content-Type:
      - application/json;charset=UTF-8
      Transfer-Encoding:
      - chunked
      Connection:
      - close
      Permissions-Policy:
      - interest-cohort=(),browsing-topics=()
      Cf-Cache-Status:
      - DYNAMIC
      Report-To:
      - '{"endpoints":[{"url":"https:\/\/a.nel.cloudflare.com\/report\/v3?s=lsiqN9jV2sY2o6Cx%2B%2B7bVjF%2BeSURGWBBxY2EdU5UkONxAahCtar52GD3StuqbOnqHWv5OJ%2B3Ln%2Fwb%2FE0wbLJwpVY8ulvVa8IWmy9HFZFEXUi%2BFvKwjx4I9pnH8Mk0Q9if%2F5b550%3D"}],"group":"cf-nel","max_age":604800}'
      Nel:
      - '{"success_fraction":0,"report_to":"cf-nel","max_age":604800}'
      Strict-Transport-Security:
      - max-age=31536000; includeSubDomains; preload
      Server:
      - cloudflare
      Cf-Ray:
      - 7aa77c962fc5b72a-AMS
      Alt-Svc:
      - h3=":443"; ma=86400, h3-29=":443"; ma=86400
    body:
      encoding: UTF-8
      string: |-
        [
          {
            "DOI": "10.7554",
            "RA": "Crossref"
          }
        ]
  recorded_at: Sun, 19 Mar 2023 17:38:01 GMT
recorded_with: VCR 6.1.0
